// Jest Snapshot v1, https://goo.gl/fbAQLP

exports[`renders correctly 1`] = `
<View
  style={
    Object {
      "flex": 1,
      "padding": 15,
    }
  }
>
  <Text
    style={
      Object {
        "color": "#242424",
        "fontSize": 36,
        "marginVertical": 20,
        "textAlign": "center",
      }
    }
  >
    Delete Todo
  </Text>
  <View
    style={
      Object {
        "alignItems": "center",
        "backgroundColor": "white",
        "borderRadius": 10,
        "height": "60%",
        "justifyContent": "center",
        "padding": 10,
      }
    }
  >
    <Image
      source={
        Object {
          "testUri": "../../../app/assets/done.png",
        }
      }
      style={
        Object {
          "height": 40,
          "width": 40,
        }
      }
    />
    <Text
      style={
        Object {
          "color": "#242424",
          "fontSize": 28.285714285714285,
          "marginVertical": 20,
          "textAlign": "center",
        }
      }
    >
      awesome
    </Text>
  </View>
  <View
    style={
      Array [
        Object {
          "borderRadius": 3,
          "overflow": "hidden",
        },
        Object {
          "borderRadius": 3,
        },
        undefined,
        false,
      ]
    }
  >
    <View
      accessibilityRole="button"
      accessibilityState={
        Object {
          "busy": false,
          "disabled": false,
        }
      }
      accessible={true}
      collapsable={false}
      focusable={true}
      onClick={[Function]}
      onResponderGrant={[Function]}
      onResponderMove={[Function]}
      onResponderRelease={[Function]}
      onResponderTerminate={[Function]}
      onResponderTerminationRequest={[Function]}
      onStartShouldSetResponder={[Function]}
      style={
        Object {
          "opacity": 1,
        }
      }
    >
      <View
        style={
          Object {
            "alignItems": "center",
            "backgroundColor": "red",
            "borderColor": "#2089dc",
            "borderRadius": 3,
            "borderWidth": 0,
            "flexDirection": "row",
            "justifyContent": "center",
            "marginVertical": 50,
            "minHeight": 52,
            "minWidth": 350,
            "padding": 8,
          }
        }
      >
        <View
          style={
            Object {
              "marginHorizontal": 5,
              "overflow": "hidden",
            }
          }
        >
          <View>
            <View
              style={
                Object {
                  "alignItems": "center",
                  "backgroundColor": "transparent",
                  "justifyContent": "center",
                }
              }
            >
              <Text
                allowFontScaling={false}
                selectable={false}
                style={
                  Array [
                    Object {
                      "color": "white",
                      "fontSize": 24,
                    },
                    Object {
                      "backgroundColor": "transparent",
                    },
                    Object {
                      "fontFamily": "Ionicons",
                      "fontStyle": "normal",
                      "fontWeight": "normal",
                    },
                    Object {},
                  ]
                }
                testID="iconIcon"
              >
                Ôñç
              </Text>
            </View>
          </View>
        </View>
        <Text
          style={
            Object {
              "color": "white",
              "fontSize": 18,
              "paddingVertical": 1,
              "textAlign": "center",
            }
          }
        >
          Delete
        </Text>
      </View>
    </View>
  </View>
</View>
`;
